$ vite build && bun run build:edge
rolldown-vite v7.3.1 building client environment for production...
[2Ktransforming...[plugin rolldown:vite-resolve] Module "node:crypto" has been externalized for browser compatibility, imported by "/home/nate/Oxy/tnp/.worktrees/1519-final-sdk-adoption-20261003/node_modules/@oxy.so/protocol/dist/esm/platform/crypto.js". See https://vite.dev/guide/troubleshooting.html#module-externalized-for-browser-compatibility for more details.
[plugin rolldown:vite-resolve] Module "node:async_hooks" has been externalized for browser compatibility, imported by "/home/nate/Oxy/tnp/.worktrees/1519-final-sdk-adoption-20261003/node_modules/expo-font/build/serverContext.web.js". See https://vite.dev/guide/troubleshooting.html#module-externalized-for-browser-compatibility for more details.
✓ 2103 modules transformed.
rendering chunks...
computing gzip size...
dist/index.html                                                 3.40 kB │ gzip:   1.14 kB
dist/assets/OxyServicesMaterialCommunityIcons-DVHLYwp4.ttf     28.85 kB
dist/assets/JetBrainsMono-Variable-B9CIFXIH.woff2              40.40 kB
dist/assets/OxyServicesIonicons-B1hZ8Dc8.ttf                   43.00 kB
dist/assets/slide-4-DSNFt0xP.jpg                               46.63 kB
dist/assets/InterVariable-Dx4kXJAl.woff2                       48.25 kB
dist/assets/slide-3-Bp5gr1Be.jpg                               59.18 kB
dist/assets/BlomusModernus-Bold-0E_Y-ihB.woff2                 77.61 kB
dist/assets/BlomusModernus-Regular-kZR3rHS0.woff2              77.64 kB
dist/assets/slide-2-BAN8I4Iy.jpg                               87.90 kB
dist/assets/slide-1-CPYeLD4l.jpg                              102.17 kB
dist/assets/index-D5YqE7xO.css                                 64.79 kB │ gzip:  11.53 kB
dist/assets/empty-module-Cq2_7Y6Q.js                            0.03 kB │ gzip:   0.05 kB
dist/assets/__vite-browser-external-7MDmKCEY.js                 0.05 kB │ gzip:   0.07 kB
dist/assets/trustTierLabels-DgrAPgNe.js                         0.12 kB │ gzip:   0.12 kB
dist/assets/services-CcLwmkmI.js                                0.13 kB │ gzip:   0.13 kB
dist/assets/Ionicons-73LUtWu-.js                                0.15 kB │ gzip:   0.14 kB
dist/assets/LinkCommonsScreen-BC9wdsX3.js                       0.19 kB │ gzip:   0.17 kB
dist/assets/SignInAuthenticatorScreen-XWbW9tV-.js               0.19 kB │ gzip:   0.17 kB
dist/assets/FollowersListScreen-DtsN1od8.js                     0.20 kB │ gzip:   0.18 kB
dist/assets/FollowingListScreen-Cx173onT.js                     0.20 kB │ gzip:   0.18 kB
dist/assets/DeleteAccountScreen-BDiyKOYA.js                     0.23 kB │ gzip:   0.19 kB
dist/assets/SignInPasswordScreen-CTGtS1la.js                    0.24 kB │ gzip:   0.20 kB
dist/assets/AccountSecurityPanelScreen-C4JEyB2c.js              0.26 kB │ gzip:   0.21 kB
dist/assets/version-CWdfnVuE.js                                 0.33 kB │ gzip:   0.23 kB
dist/assets/useReduceMotion-B7M1USaZ.js                         0.40 kB │ gzip:   0.30 kB
dist/assets/SettingsIcon-ZkgXhmp2.js                            0.48 kB │ gzip:   0.34 kB
dist/assets/useSettingToggle-CvlTMAvi.js                        0.67 kB │ gzip:   0.44 kB
dist/assets/colorUtils-BHi3f_Nr.js                              0.77 kB │ gzip:   0.24 kB
dist/assets/UserLinksScreen-CGVhop9I.js                         0.82 kB │ gzip:   0.48 kB
dist/assets/plural-CkjYiIXR.js                                  0.86 kB │ gzip:   0.51 kB
dist/assets/ProfileSummaryCard-YCpSZJ6k.js                      1.01 kB │ gzip:   0.57 kB
dist/assets/message-helpers-D1vdy17y.js                         1.15 kB │ gzip:   0.58 kB
dist/assets/AvatarCameraBadge-B7Y0Nwz_.js                       1.15 kB │ gzip:   0.70 kB
dist/assets/RiSparklingLine-CTKKWvON.js                         1.20 kB │ gzip:   0.64 kB
dist/assets/TrustFAQScreen-DAkfRD6D.js                          1.48 kB │ gzip:   0.77 kB
dist/assets/RiShieldCheckLine-DtE9VzJj.js                       1.62 kB │ gzip:   0.89 kB
dist/assets/TrustRulesScreen-2NwMcRuU.js                        1.92 kB │ gzip:   0.98 kB
dist/assets/SearchSettingsScreen-B8ZOXdfs.js                    2.10 kB │ gzip:   0.92 kB
dist/assets/HelpSupportScreen-yAK2z-pD.js                       2.40 kB │ gzip:   0.86 kB
dist/assets/ConnectedAppsScreen-DSZIp2Jx.js                     2.59 kB │ gzip:   1.29 kB
dist/assets/NotificationsScreen-CPRN7WF_.js                     2.85 kB │ gzip:   1.05 kB
dist/assets/LanguageSelectorScreen-BqxVe8X-.js                  3.05 kB │ gzip:   1.42 kB
dist/assets/EditProfileScreen-B8TN7z00.js                       3.06 kB │ gzip:   1.13 kB
dist/assets/PreferencesScreen-C1wM-d_W.js                       3.14 kB │ gzip:   1.30 kB
dist/assets/SettingsList-BFYYct2N.js                            3.14 kB │ gzip:   1.36 kB
dist/assets/HistoryViewScreen-DkqBgUIL.js                       3.38 kB │ gzip:   1.31 kB
dist/assets/LearnMoreUsernamesScreen-MXYYZHMs.js                3.63 kB │ gzip:   1.57 kB
dist/assets/TrustAboutScreen-DT_j4sRe.js                        3.65 kB │ gzip:   1.56 kB
dist/assets/Card-DMJmNwX9.js                                    3.80 kB │ gzip:   1.64 kB
dist/assets/DomainsScreen-C5b9mI2m.js                           3.81 kB │ gzip:   1.43 kB
dist/assets/TrustCenterScreen-CsTl2R3C.js                       3.88 kB │ gzip:   1.57 kB
dist/assets/LegalDocumentsScreen-CdUDFJZL.js                    3.90 kB │ gzip:   1.29 kB
dist/assets/TrustLeaderboardScreen-CMQfHX0c.js                  3.90 kB │ gzip:   1.66 kB
dist/assets/ChangeAvatarScreen-DsO-YHSY.js                      4.03 kB │ gzip:   1.67 kB
dist/assets/AccountSettingsScreen-UIPUpUpM.js                   5.37 kB │ gzip:   2.17 kB
dist/assets/AccountVerificationScreen-DQDLvlVG.js               6.51 kB │ gzip:   2.68 kB
dist/assets/CreateAccountScreen-CKu8rZfT.js                     6.90 kB │ gzip:   2.61 kB
dist/assets/WelcomeNewUserScreen-COB03bJP.js                    7.95 kB │ gzip:   2.83 kB
dist/assets/Chip-OmaOZNRh.js                                    8.00 kB │ gzip:   3.42 kB
dist/assets/ProfileScreen-C4uVoJOc.js                           8.09 kB │ gzip:   2.85 kB
dist/assets/module-WdBI8ax_.js                                  8.85 kB │ gzip:   2.63 kB
dist/assets/TrustRewardsScreen-Ccs2JFvN.js                      8.98 kB │ gzip:   2.77 kB
dist/assets/AccountMembersScreen-A5Xe7Xy2.js                    9.34 kB │ gzip:   2.84 kB
dist/assets/AppInfoScreen-C6EHJXgI.js                           9.82 kB │ gzip:   3.47 kB
dist/assets/PrivacySettingsScreen-CnGbtdu1.js                  10.51 kB │ gzip:   2.70 kB
dist/assets/UserListScreen-BxK_rjKp.js                         11.49 kB │ gzip:   4.53 kB
dist/assets/zh-CN-CmvcPk91.js                                  11.86 kB │ gzip:   4.99 kB
dist/assets/it-IT-BiKXw4n8.js                                  12.61 kB │ gzip:   4.63 kB
dist/assets/AvatarCropScreen-DAyXE96r.js                       12.65 kB │ gzip:   4.81 kB
dist/assets/ca-ES-CT0CQYcX.js                                  12.92 kB │ gzip:   4.70 kB
dist/assets/pt-PT-BUVkBNzQ.js                                  13.03 kB │ gzip:   4.67 kB
dist/assets/de-DE-DqT4ffjt.js                                  13.39 kB │ gzip:   4.89 kB
dist/assets/fr-FR-_dMC5E6I.js                                  13.72 kB │ gzip:   4.88 kB
dist/assets/ko-KR-D1t9eBEH.js                                  13.83 kB │ gzip:   4.92 kB
dist/assets/ja-JP-CgsByJHL.js                                  15.92 kB │ gzip:   5.11 kB
dist/assets/ar-SA-C7DCe3nu.js                                  16.09 kB │ gzip:   5.17 kB
dist/assets/ManageAccountScreen-B-ZOlhNR.js                    18.51 kB │ gzip:   5.43 kB
dist/assets/validationUtils-B-jsh-eg.js                        21.14 kB │ gzip:   6.14 kB
dist/assets/PaymentGatewayScreen-CHkL8nkr.js                   23.96 kB │ gzip:   5.84 kB
dist/assets/recoveryPhrase-BHf_6b6Z.js                         24.57 kB │ gzip:  11.20 kB
dist/assets/EditProfileFieldScreen-0-v-CIUF.js                 25.39 kB │ gzip:   8.46 kB
dist/assets/OxyAccountDialogScreen-B7uu6t7I.js                 34.02 kB │ gzip:  11.31 kB
dist/assets/internal-ChBoguHE.js                               39.76 kB │ gzip:  13.47 kB
dist/assets/esm-C8qyDPlN.js                                    42.20 kB │ gzip:  13.16 kB
dist/assets/zh-DTERtHPH.js                                     56.74 kB │ gzip:  23.94 kB
dist/assets/id-DY7lLr6g.js                                     59.79 kB │ gzip:  22.12 kB
dist/assets/tr-Cejkgxsf.js                                     61.71 kB │ gzip:  23.47 kB
dist/assets/it-BBIMy3fm.js                                     63.86 kB │ gzip:  23.35 kB
dist/assets/pt-Cmt6SOhH.js                                     64.00 kB │ gzip:  23.55 kB
dist/assets/de-DnB0efza.js                                     64.13 kB │ gzip:  23.77 kB
dist/assets/ca-B5fA9zBx.js                                     64.25 kB │ gzip:  23.77 kB
dist/assets/es-CxMFQyoe.js                                     64.45 kB │ gzip:  23.73 kB
dist/assets/es-ES-C8tQDYX1.js                                  65.38 kB │ gzip:  20.74 kB
dist/assets/fr-BoYu2Z5R.js                                     66.34 kB │ gzip:  24.28 kB
dist/assets/ja-CzCxutjJ.js                                     68.06 kB │ gzip:  25.31 kB
dist/assets/FileManagementScreen-BEqUrqOh.js                   82.49 kB │ gzip:  25.07 kB
dist/assets/ar-vBcw8bWu.js                                     84.90 kB │ gzip:  26.93 kB
dist/assets/ru-YKy--Ebj.js                                     91.51 kB │ gzip:  28.57 kB
dist/assets/hi-Do-_joW7.js                                    102.10 kB │ gzip:  27.03 kB
dist/assets/bn-n6siZUNj.js                                    104.25 kB │ gzip:  26.64 kB
dist/assets/index-CBZLHcN3.js                               3,512.88 kB │ gzip: 839.34 kB
[33m[EVAL] Warning:[0m Use of direct `eval` function is strongly discouraged as it poses security risks and may cause issues with minification.
   [38;5;246m╭[0m[38;5;246m─[0m[38;5;246m[[0m ../../node_modules/expo-modules-core/src/uuid/index.web.ts:6:10 [38;5;246m][0m
   [38;5;246m│[0m
 [38;5;246m6 │[0m [38;5;249m [0m[38;5;249m [0m[38;5;249m [0m[38;5;249m [0m[38;5;249m [0m[38;5;249m [0m[38;5;249m [0m[38;5;249mr[0m[38;5;249me[0m[38;5;249mt[0m[38;5;249mu[0m[38;5;249mr[0m[38;5;249mn[0m[38;5;249m [0meval[38;5;249m([0m[38;5;249m"[0m[38;5;249mr[0m[38;5;249me[0m[38;5;249mq[0m[38;5;249mu[0m[38;5;249mi[0m[38;5;249mr[0m[38;5;249me[0m[38;5;249m"[0m[38;5;249m)[0m[38;5;249m([0m[38;5;249m"[0m[38;5;249mn[0m[38;5;249mo[0m[38;5;249md[0m[38;5;249me[0m[38;5;249m:[0m[38;5;249mc[0m[38;5;249mr[0m[38;5;249my[0m[38;5;249mp[0m[38;5;249mt[0m[38;5;249mo[0m[38;5;249m"[0m[38;5;249m)[0m[38;5;249m.[0m[38;5;249mr[0m[38;5;249ma[0m[38;5;249mn[0m[38;5;249md[0m[38;5;249mo[0m[38;5;249mm[0m[38;5;249mU[0m[38;5;249mU[0m[38;5;249mI[0m[38;5;249mD[0m[38;5;249m([0m[38;5;249m)[0m[38;5;249m;[0m
 [38;5;240m  │[0m               ──┬─  
 [38;5;240m  │[0m                 ╰─── Use of direct `eval` here.
 [38;5;240m  │[0m 
 [38;5;240m  │[0m [38;5;115mHelp[0m: Consider using indirect eval. For more information, check the documentation: https://rolldown.rs/guide/troubleshooting#avoiding-direct-eval
[38;5;246m───╯[0m

[plugin builtin:vite-reporter] 
(!) Some chunks are larger than 500 kB after minification. Consider:
- Using dynamic import() to code-split the application
- Use build.rollupOptions.output.manualChunks to improve chunking: https://rollupjs.org/configuration-options/#output-manualchunks
- Adjust chunk size limit for this warning via build.chunkSizeWarningLimit.
[33m[EVAL] Warning:[0m Use of direct `eval` function is strongly discouraged as it poses security risks and may cause issues with minification.
    [38;5;246m╭[0m[38;5;246m─[0m[38;5;246m[[0m ../../node_modules/expo/src/async-require/fetchThenEvalJs.ts:20:11 [38;5;246m][0m
    [38;5;246m│[0m
 [38;5;246m20 │[0m [38;5;249m [0m[38;5;249m [0m[38;5;249m [0m[38;5;249m [0m[38;5;249m [0m[38;5;249m [0m[38;5;249m [0m[38;5;249m [0m[38;5;249m [0m[38;5;249mr[0m[38;5;249me[0m[38;5;249mt[0m[38;5;249mu[0m[38;5;249mr[0m[38;5;249mn[0m[38;5;249m [0meval[38;5;249m([0m[38;5;249mb[0m[38;5;249mo[0m[38;5;249md[0m[38;5;249my[0m[38;5;249m)[0m[38;5;249m;[0m
 [38;5;240m   │[0m                 ──┬─  
 [38;5;240m   │[0m                   ╰─── Use of direct `eval` here.
 [38;5;240m   │[0m 
 [38;5;240m   │[0m [38;5;115mHelp[0m: Consider using indirect eval. For more information, check the documentation: https://rolldown.rs/guide/troubleshooting#avoiding-direct-eval
[38;5;246m────╯[0m

✓ built in 1.05s
$ bun build worker/index.js --target=browser --format=esm --outfile=dist/_worker.js
Bundled 4 modules in 3ms

  _worker.js  7.74 KB  (entry point)

